[    0.000000] Linux version 4.15.0-212-generic (buildd@lcy02-amd64-083) (gcc version 7.5.0 (Ubuntu 7.5.0-3ubuntu1~18.04)) #223-Ubuntu SMP Tue May 23 13:09:22 UTC 2023 (Ubuntu 4.15.0-212.223-generic 4.15.18)
[    0.000000] Command line: BOOT_IMAGE=/boot/vmlinuz-4.15.0-212-generic root=LABEL=cloudimg-rootfs ro console=tty1 console=ttyS0
[    0.000000] KERNEL supported cpus:
[    0.000000]   Intel GenuineIntel
[    0.000000]   AMD AuthenticAMD
[    0.000000]   Centaur CentaurHauls
[    0.000000] [Firmware Bug]: TSC doesn't count with P0 frequency!
[    0.000000] x86/fpu: x87 FPU will use FXSAVE
[    0.000000] e820: BIOS-provided physical RAM map:
[    0.000000] BIOS-e820: [mem 0x0000000000000000-0x000000000009fbff] usable
[    0.000000] BIOS-e820: [mem 0x000000000009fc00-0x000000000009ffff] reserved
[    0.000000] BIOS-e820: [mem 0x00000000000f0000-0x00000000000fffff] reserved
[    0.000000] BIOS-e820: [mem 0x0000000000100000-0x000000003ffeffff] usable
[    0.000000] BIOS-e820: [mem 0x000000003fff0000-0x000000003fffffff] ACPI data
[    0.000000] BIOS-e820: [mem 0x00000000fec00000-0x00000000fec00fff] reserved
[    0.000000] BIOS-e820: [mem 0x00000000fee00000-0x00000000fee00fff] reserved
[    0.000000] BIOS-e820: [mem 0x00000000fffc0000-0x00000000ffffffff] reserved
[    0.000000] NX (Execute Disable) protection: active
[    0.000000] SMBIOS 2.5 present.
[    0.000000] DMI: innotek GmbH VirtualBox/VirtualBox, BIOS VirtualBox 12/01/2006
[    0.000000] Hypervisor detected: KVM
[    0.000000] e820: last_pfn = 0x3fff0 max_arch_pfn = 0x400000000
[    0.000000] x86/PAT: Configuration [0-7]: WB  WC  UC- UC  WB  WP  UC- WT  
[    0.000000] CPU MTRRs all blank - virtualized system.
[    0.000000] found SMP MP-table at [mem 0x0009fbf0-0x0009fbff]
[    0.000000] Scanning 1 areas for low memory corruption
[    0.000000] RAMDISK: [mem 0x359cb000-0x36cdcfff]
[    0.000000] ACPI: Early table checksum verification disabled
[    0.000000] ACPI: RSDP 0x00000000000E0000 000024 (v02 VBOX  )
[    0.000000] ACPI: XSDT 0x000000003FFF0030 00003C (v01 VBOX   VBOXXSDT 00000001 ASL  00000061)
[    0.000000] ACPI: FACP 0x000000003FFF00F0 0000F4 (v04 VBOX   VBOXFACP 00000001 ASL  00000061)
[    0.000000] ACPI: DSDT 0x000000003FFF0610 002353 (v02 VBOX   VBOXBIOS 00000002 INTL 20100528)
[    0.000000] ACPI: FACS 0x000000003FFF0200 000040
[    0.000000] ACPI: FACS 0x000000003FFF0200 000040
[    0.000000] ACPI: APIC 0x000000003FFF0240 00005C (v02 VBOX   VBOXAPIC 00000001 ASL  00000061)
[    0.000000] ACPI: SSDT 0x000000003FFF02A0 00036C (v01 VBOX   VBOXCPUT 00000002 INTL 20100528)
[    0.000000] ACPI: Reserving FACP table memory at [mem 0x3fff00f0-0x3fff01e3]
[    0.000000] ACPI: Reserving DSDT table memory at [mem 0x3fff0610-0x3fff2962]
[    0.000000] ACPI: Reserving FACS table memory at [mem 0x3fff0200-0x3fff023f]
[    0.000000] ACPI: Reserving FACS table memory at [mem 0x3fff0200-0x3fff023f]
[    0.000000] ACPI: Reserving APIC table memory at [mem 0x3fff0240-0x3fff029b]
[    0.000000] ACPI: Reserving SSDT table memory at [mem 0x3fff02a0-0x3fff060b]
[    0.000000] No NUMA configuration found
[    0.000000] Faking a node at [mem 0x0000000000000000-0x000000003ffeffff]
[    0.000000] NODE_DATA(0) allocated [mem 0x3ffc5000-0x3ffeffff]
[    0.000000] kvm-clock: cpu 0, msr 0:3ff44001, primary cpu clock
[    0.000000] kvm-clock: Using msrs 4b564d01 and 4b564d00
[    0.000000] kvm-clock: using sched offset of 4712363607 cycles
[    0.000000] clocksource: kvm-clock: mask: 0xffffffffffffffff max_cycles: 0x1cd42e4dffb, max_idle_ns: 881590591483 ns
[    0.000000] Zone ranges:
[    0.000000]   DMA      [mem 0x0000000000001000-0x0000000000ffffff]
[    0.000000]   DMA32    [mem 0x0000000001000000-0x000000003ffeffff]
[    0.000000]   Normal   empty
[    0.000000]   Device   empty
[    0.000000] Movable zone start for each node
[    0.000000] Early memory node ranges
[    0.000000]   node   0: [mem 0x0000000000001000-0x000000000009efff]
[    0.000000]   node   0: [mem 0x0000000000100000-0x000000003ffeffff]
[    0.000000] Reserved but unavailable: 104 pages
[    0.000000] Initmem setup node 0 [mem 0x0000000000001000-0x000000003ffeffff]
[    0.000000] ACPI: PM-Timer IO Port: 0x4008
[    0.000000] IOAPIC[0]: apic_id 2, version 32, address 0xfec00000, GSI 0-23
[    0.000000] ACPI: INT_SRC_OVR (bus 0 bus_irq 0 global_irq 2 dfl dfl)
[    0.000000] ACPI: INT_SRC_OVR (bus 0 bus_irq 9 global_irq 9 low level)
[    0.000000] Using ACPI (MADT) for SMP configuration information
[    0.000000] smpboot: Allowing 2 CPUs, 0 hotplug CPUs
[    0.000000] PM: Registered nosave memory: [mem 0x00000000-0x00000fff]
[    0.000000] PM: Registered nosave memory: [mem 0x0009f000-0x0009ffff]
[    0.000000] PM: Registered nosave memory: [mem 0x000a0000-0x000effff]
[    0.000000] PM: Registered nosave memory: [mem 0x000f0000-0x000fffff]
[    0.000000] e820: [mem 0x40000000-0xfebfffff] available for PCI devices
[    0.000000] Booting paravirtualized kernel on KVM
[    0.000000] clocksource: refined-jiffies: mask: 0xffffffff max_cycles: 0xffffffff, max_idle_ns: 7645519600211568 ns
[    0.000000] setup_percpu: NR_CPUS:8192 nr_cpumask_bits:2 nr_cpu_ids:2 nr_node_ids:1
[    0.000000] percpu: Embedded 50 pages/cpu s167936 r8192 d28672 u1048576
[    0.000000] PV qspinlock hash table entries: 256 (order: 0, 4096 bytes)
[    0.000000] Built 1 zonelists, mobility grouping on.  Total pages: 257913
[    0.000000] Policy zone: DMA32
[    0.000000] Kernel command line: BOOT_IMAGE=/boot/vmlinuz-4.15.0-212-generic root=LABEL=cloudimg-rootfs ro console=tty1 console=ttyS0
[    0.000000] Memory: 982644K/1048120K available (12300K kernel code, 2477K rwdata, 4324K rodata, 2480K init, 2720K bss, 65476K reserved, 0K cma-reserved)
[    0.000000] SLUB: HWalign=64, Order=0-3, MinObjects=0, CPUs=2, Nodes=1
[    0.000000] ftrace: allocating 39508 entries in 155 pages
[    0.004000] Hierarchical RCU implementation.
[    0.004000] 	RCU restricting CPUs from NR_CPUS=8192 to nr_cpu_ids=2.
[    0.004000] 	Tasks RCU enabled.
[    0.004000] RCU: Adjusting geometry for rcu_fanout_leaf=16, nr_cpu_ids=2
[    0.004000] NR_IRQS: 524544, nr_irqs: 440, preallocated irqs: 16
[    0.004000] random: crng init done
[    0.004000] Console: colour VGA+ 80x25
[    0.004000] console [tty1] enabled
[    0.004000] console [ttyS0] enabled
[    0.004000] ACPI: Core revision 20170831
[    0.004000] ACPI: 2 ACPI AML tables successfully acquired and loaded
[    0.004000] APIC: Switch to symmetric I/O mode setup
[    0.004000] ..TIMER: vector=0x30 apic1=0 pin1=2 apic2=-1 pin2=-1
[    0.004000] tsc: Detected 2694.834 MHz processor
[    0.004018] Calibrating delay loop (skipped) preset value.. 5389.66 BogoMIPS (lpj=10779336)
[    0.008015] pid_max: default: 32768 minimum: 301
[    0.012142] Security Framework initialized
[    0.016009] Yama: becoming mindful.
[    0.020225] AppArmor: AppArmor initialized
[    0.032828] Dentry cache hash table entries: 131072 (order: 8, 1048576 bytes)
[    0.041502] Inode-cache hash table entries: 65536 (order: 7, 524288 bytes)
[    0.044136] Mount-cache hash table entries: 2048 (order: 2, 16384 bytes)
[    0.048151] Mountpoint-cache hash table entries: 2048 (order: 2, 16384 bytes)
[    0.058398] Last level iTLB entries: 4KB 512, 2MB 512, 4MB 256
[    0.060011] Last level dTLB entries: 4KB 2048, 2MB 2048, 4MB 1024, 1GB 0
[    0.064013] Spectre V1 : Mitigation: usercopy/swapgs barriers and __user pointer sanitization
[    0.068010] Spectre V2 : Mitigation: Retpolines
[    0.072009] Spectre V2 : Spectre v2 / SpectreRSB mitigation: Filling RSB on context switch
[    0.076013] Spectre V2 : Spectre v2 / SpectreRSB : Filling RSB on VMEXIT
[    0.080282] Freeing SMP alternatives memory: 36K
[    0.201465] smpboot: CPU0: AMD Ryzen 7 PRO 6850U with Radeon Graphics (family: 0x19, model: 0x44, stepping: 0x1)
[    0.204904] Performance Events: PMU not available due to virtualization, using software events only.
[    0.208682] Hierarchical SRCU implementation.
[    0.217002] NMI watchdog: Perf event create on CPU 0 failed with -2
[    0.220010] NMI watchdog: Perf NMI watchdog permanently disabled
[    0.224675] smp: Bringing up secondary CPUs ...
[    0.229721] x86: Booting SMP configuration:
[    0.232009] .... node  #0, CPUs:      #1
[    0.004000] kvm-clock: cpu 1, msr 0:3ff44041, secondary cpu clock
[    0.251742] TSC synchronization [CPU#0 -> CPU#1]:
[    0.252000] Measured 80655 cycles TSC warp between CPUs, turning off TSC clock.
[    0.252000] tsc: Marking TSC unstable due to check_tsc_sync_source failed
[    0.260377] smp: Brought up 1 node, 2 CPUs
[    0.264020] smpboot: Max logical packages: 1
[    0.268013] smpboot: Total of 2 processors activated (10779.33 BogoMIPS)
[    0.276330] devtmpfs: initialized
[    0.284686] x86/mm: Memory block size: 128MB
[    0.296809] evm: security.selinux
[    0.308007] evm: security.SMACK64
[    0.316007] evm: security.SMACK64EXEC
[    0.324005] evm: security.SMACK64TRANSMUTE
[    0.332004] evm: security.SMACK64MMAP
[    0.344006] evm: security.apparmor
[    0.348004] evm: security.ima
[    0.356005] evm: security.capability
[    0.364654] clocksource: jiffies: mask: 0xffffffff max_cycles: 0xffffffff, max_idle_ns: 7645041785100000 ns
[    0.368027] futex hash table entries: 512 (order: 3, 32768 bytes)
[    0.372270] pinctrl core: initialized pinctrl subsystem
[    0.380368] RTC time: 13:56:10, date: 02/05/26
[    0.388296] NET: Registered protocol family 16
[    0.392269] audit: initializing netlink subsys (disabled)
[    0.396408] audit: type=2000 audit(1770299775.332:1): state=initialized audit_enabled=0 res=1
[    0.412219] cpuidle: using governor ladder
[    0.420363] cpuidle: using governor menu
[    0.433607] ACPI: bus type PCI registered
[    0.436014] acpiphp: ACPI Hot Plug PCI Controller Driver version: 0.5
[    0.441352] PCI: Using configuration type 1 for base access
[    0.444010] PCI: Using configuration type 1 for extended access
[    0.456196] HugeTLB registered 2.00 MiB page size, pre-allocated 0 pages
[    0.468633] ACPI: Added _OSI(Module Device)
[    0.476015] ACPI: Added _OSI(Processor Device)
[    0.488015] ACPI: Added _OSI(3.0 _SCP Extensions)
[    0.500015] ACPI: Added _OSI(Processor Aggregator Device)
[    0.508017] ACPI: Added _OSI(Linux-Dell-Video)
[    0.520015] ACPI: Added _OSI(Linux-Lenovo-NV-HDMI-Audio)
[    0.528014] ACPI: Added _OSI(Linux-HPI-Hybrid-Graphics)
[    0.541814] ACPI: Executed 1 blocks of module-level executable AML code
[    0.562807] ACPI: Interpreter enabled
[    0.568065] ACPI: (supports S0 S5)
[    0.576015] ACPI: Using IOAPIC for interrupt routing
[    0.588672] PCI: Using host bridge windows from ACPI; if necessary, use "pci=nocrs" and report a bug
[    0.601609] ACPI: Enabled 2 GPEs in block 00 to 07
[    0.638303] ACPI: PCI Root Bridge [PCI0] (domain 0000 [bus 00-ff])
[    0.648070] acpi PNP0A03:00: _OSC: OS supports [ExtendedConfig ASPM ClockPM Segments MSI]
[    0.669473] acpi PNP0A03:00: _OSC: platform does not support [PCIeCapability]
[    0.684879] acpi PNP0A03:00: _OSC: not requesting control; platform does not support [PCIeCapability]
[    0.700018] acpi PNP0A03:00: _OSC: OS requested [PCIeHotplug PME AER PCIeCapability]
[    0.712035] acpi PNP0A03:00: _OSC: platform willing to grant [PCIeHotplug PME AER]
[    0.724013] acpi PNP0A03:00: _OSC failed (AE_SUPPORT); disabling ASPM
[    0.737624] PCI host bridge to bus 0000:00
[    0.744013] pci_bus 0000:00: root bus resource [io  0x0000-0x0cf7 window]
[    0.756018] pci_bus 0000:00: root bus resource [io  0x0d00-0xffff window]
[    0.768014] pci_bus 0000:00: root bus resource [mem 0x000a0000-0x000bffff window]
[    0.780024] pci_bus 0000:00: root bus resource [mem 0x40000000-0xfdffffff window]
[    0.792015] pci_bus 0000:00: root bus resource [bus 00-ff]
[    0.818012] pci 0000:00:01.1: legacy IDE quirk: reg 0x10: [io  0x01f0-0x01f7]
[    0.828013] pci 0000:00:01.1: legacy IDE quirk: reg 0x14: [io  0x03f6]
[    0.840016] pci 0000:00:01.1: legacy IDE quirk: reg 0x18: [io  0x0170-0x0177]
[    0.852014] pci 0000:00:01.1: legacy IDE quirk: reg 0x1c: [io  0x0376]
[    0.900009] pci 0000:00:07.0: quirk: [io  0x4000-0x403f] claimed by PIIX4 ACPI
[    0.908076] pci 0000:00:07.0: quirk: [io  0x4100-0x410f] claimed by PIIX4 SMB
[    0.937270] ACPI: PCI Interrupt Link [LNKA] (IRQs 5 9 10 *11)
[    0.948228] ACPI: PCI Interrupt Link [LNKB] (IRQs 5 9 *10 11)
[    0.956549] ACPI: PCI Interrupt Link [LNKC] (IRQs 5 *9 10 11)
[    0.968656] ACPI: PCI Interrupt Link [LNKD] (IRQs 5 9 10 *11)
[    0.980954] SCSI subsystem initialized
[    0.988448] pci 0000:00:02.0: vgaarb: setting as boot VGA device
[    0.992000] pci 0000:00:02.0: vgaarb: VGA device added: decodes=io+mem,owns=io+mem,locks=none
[    1.012016] pci 0000:00:02.0: vgaarb: bridge control possible
[    1.020009] vgaarb: loaded
[    1.028075] ACPI: bus type USB registered
[    1.036114] usbcore: registered new interface driver usbfs
[    1.044052] usbcore: registered new interface driver hub
[    1.056035] usbcore: registered new device driver usb
[    1.064345] EDAC MC: Ver: 3.0.0
[    1.072381] PCI: Using ACPI for IRQ routing
[    1.077225] NetLabel: Initializing
[    1.080006] NetLabel:  domain hash size = 128
[    1.084008] NetLabel:  protocols = UNLABELED CIPSOv4 CALIPSO
[    1.088070] NetLabel:  unlabeled traffic allowed by default
[    1.092602] clocksource: Switched to clocksource kvm-clock
[    1.176791] VFS: Disk quotas dquot_6.6.0
[    1.189959] VFS: Dquot-cache hash table entries: 512 (order 0, 4096 bytes)
[    1.200985] AppArmor: AppArmor Filesystem Enabled
[    1.208061] pnp: PnP ACPI init
[    1.215873] pnp: PnP ACPI: found 3 devices
[    1.282441] clocksource: acpi_pm: mask: 0xffffff max_cycles: 0xffffff, max_idle_ns: 2085701024 ns
[    1.295898] NET: Registered protocol family 2
[    1.305477] IP idents hash table entries: 16384 (order: 5, 131072 bytes)
[    1.315532] TCP established hash table entries: 8192 (order: 4, 65536 bytes)
[    1.327805] TCP bind hash table entries: 8192 (order: 5, 131072 bytes)
[    1.339969] TCP: Hash tables configured (established 8192 bind 8192)
[    1.351736] UDP hash table entries: 512 (order: 2, 16384 bytes)
[    1.363461] UDP-Lite hash table entries: 512 (order: 2, 16384 bytes)
[    1.373151] NET: Registered protocol family 1
[    1.380689] pci 0000:00:00.0: Limiting direct PCI/PCI transfers
[    1.389779] pci 0000:00:01.0: Activating ISA DMA hang workarounds
[    1.398899] pci 0000:00:02.0: Video device with shadowed ROM at [mem 0x000c0000-0x000dffff]
[    1.414480] Unpacking initramfs...
[    2.217231] Freeing initrd memory: 19528K
[    2.224558] clocksource: tsc: mask: 0xffffffffffffffff max_cycles: 0x26d82e28263, max_idle_ns: 440795282396 ns
[    2.239909] platform rtc_cmos: registered platform RTC device (no PNP device found)
[    2.252784] Scanning for low memory corruption every 60 seconds
[    2.267424] Initialise system trusted keyrings
[    2.274323] Key type blacklist registered
[    2.281946] workingset: timestamp_bits=36 max_order=18 bucket_order=0
[    2.295263] zbud: loaded
[    2.301887] squashfs: version 4.0 (2009/01/31) Phillip Lougher
[    2.311651] fuse init (API version 7.26)
[    2.370574] Key type asymmetric registered
[    2.377157] Asymmetric key parser 'x509' registered
[    2.385596] Block layer SCSI generic (bsg) driver version 0.4 loaded (major 246)
[    2.397226] io scheduler noop registered
[    2.403786] io scheduler deadline registered
[    2.409725] io scheduler cfq registered (default)
[    2.419031] ACPI: AC Adapter [AC] (off-line)
[    2.425845] input: Power Button as /devices/LNXSYSTM:00/LNXPWRBN:00/input/input0
[    2.437113] ACPI: Power Button [PWRF]
[    2.442601] input: Sleep Button as /devices/LNXSYSTM:00/LNXSLPBN:00/input/input1
[    2.453306] ACPI: Sleep Button [SLPF]
[    2.461075] Serial: 8250/16550 driver, 32 ports, IRQ sharing enabled
[    2.463339] ACPI: Battery Slot [BAT0] (battery present)
[    2.514129] 00:02: ttyS0 at I/O 0x3f8 (irq = 4, base_baud = 115200) is a 16550A
[    2.555551] Linux agpgart interface v0.103
[    2.579576] loop: module loaded
[    2.590725] scsi host0: ata_piix
[    2.597167] scsi host1: ata_piix
[    2.603862] ata1: PATA max UDMA/33 cmd 0x1f0 ctl 0x3f6 bmdma 0xd000 irq 14
[    2.614457] ata2: PATA max UDMA/33 cmd 0x170 ctl 0x376 bmdma 0xd008 irq 15
[    2.625573] tun: Universal TUN/TAP device driver, 1.6
[    2.634669] PPP generic driver version 2.4.2
[    2.642185] ehci_hcd: USB 2.0 'Enhanced' Host Controller (EHCI) Driver
[    2.652496] ehci-pci: EHCI PCI platform driver
[    2.659761] ehci-platform: EHCI generic platform driver
[    2.677050] ohci_hcd: USB 1.1 'Open' Host Controller (OHCI) Driver
[    2.689831] ohci-pci: OHCI PCI platform driver
[    2.701419] ohci-platform: OHCI generic platform driver
[    2.709100] uhci_hcd: USB Universal Host Controller Interface driver
[    2.719314] i8042: PNP: PS/2 Controller [PNP0303:PS2K,PNP0f03:PS2M] at 0x60,0x64 irq 1,12
[    2.746126] serio: i8042 KBD port at 0x60,0x64 irq 1
[    2.755245] serio: i8042 AUX port at 0x60,0x64 irq 12
[    2.766515] mousedev: PS/2 mouse device common for all mice
[    2.779611] input: AT Translated Set 2 keyboard as /devices/platform/i8042/serio0/input/input2
[    2.782244] rtc_cmos rtc_cmos: rtc core: registered rtc_cmos as rtc0
[    2.805365] rtc_cmos rtc_cmos: alarms up to one day, 114 bytes nvram
[    2.814753] i2c /dev entries driver
[    2.821051] device-mapper: uevent: version 1.0.3
[    2.836384] device-mapper: ioctl: 4.37.0-ioctl (2017-09-20) initialised: dm-devel@redhat.com
[    2.905970] ledtrig-cpu: registered to indicate activity on CPUs
[    2.922828] NET: Registered protocol family 10
[    2.952705] Segment Routing with IPv6
[    2.958766] NET: Registered protocol family 17
[    2.967631] Key type dns_resolver registered
[    2.975475] mce: Using 0 MCE banks
[    2.980770] RAS: Correctable Errors collector initialized.
[    2.988618] sched_clock: Marking stable (2988515620, 0)->(4274630013, -1286114393)
[    3.003955] registered taskstats version 1
[    3.009880] Loading compiled-in X.509 certificates
[    3.023219] Loaded X.509 cert 'Build time autogenerated kernel key: b5b26778eaa3ab3a4a6cee031137706e947d12ad'
[    3.037457] Loaded X.509 cert 'Canonical Ltd. Live Patch Signing: 14df34d1a87cf37625abec039ef2bf521249b969'
[    3.050777] Loaded X.509 cert 'Canonical Ltd. Kernel Module Signing: 88f752e560a1e0737e31163a466ad7b70a850c19'
[    3.064178] blacklist: Loading compiled-in revocation X.509 certificates
[    3.073454] Loaded X.509 cert 'Canonical Ltd. Secure Boot Signing: 61482aa2830d0ab2ad5af10b7250da9033ddcef0'
[    3.087610] Loaded X.509 cert 'Canonical Ltd. Secure Boot Signing (2017): 242ade75ac4a15e50d50c84b0d45ff3eae707a03'
[    3.101868] Loaded X.509 cert 'Canonical Ltd. Secure Boot Signing (ESM 2018): 365188c1d374d6b07c3c8f240f8ef722433d6a8b'
[    3.115738] Loaded X.509 cert 'Canonical Ltd. Secure Boot Signing (2019): c0746fd6c5da3ae827864651ad66ae47fe24b3e8'
[    3.129114] Loaded X.509 cert 'Canonical Ltd. Secure Boot Signing (2021 v1): a8d54bbb3825cfb94fa13c9f8a594a195c107b8d'
[    3.143248] Loaded X.509 cert 'Canonical Ltd. Secure Boot Signing (2021 v2): 4cf046892d6fd3c9a5b03f98d845f90851dc6a8c'
[    3.157388] Loaded X.509 cert 'Canonical Ltd. Secure Boot Signing (2021 v3): 100437bb6de6e469b581e61cd66bce3ef4ed53af'
[    3.171474] Loaded X.509 cert 'Canonical Ltd. Secure Boot Signing (Ubuntu Core 2019): c1d57b8f6b743f23ee41f4f7ee292f06eecadfb9'
[    3.186593] zswap: loaded using pool lzo/zbud
[    3.207645] Key type big_key registered
[    3.213512] Key type trusted registered
[    3.225189] Key type encrypted registered
[    3.231673] AppArmor: AppArmor sha1 policy hashing enabled
[    3.239913] ima: No TPM chip found, activating TPM-bypass! (rc=-19)
[    3.249579] ima: Allocated hash algorithm: sha1
[    3.256739] evm: HMAC attrs: 0x1
[    3.263503]   Magic number: 14:618:937
[    3.270177] acpi PNP0103:00: hash matches
[    3.278722] rtc_cmos rtc_cmos: setting system clock to 2026-02-05 13:56:13 UTC (1770299773)
[    3.293832] BIOS EDD facility v0.16 2004-Jun-25, 0 devices found
[    3.303585] EDD information not available.
[    3.315894] Freeing unused kernel image memory: 2480K
[    3.350305] Write protecting the kernel read-only data: 20480k
[    3.362089] Freeing unused kernel image memory: 2008K
[    3.371992] Freeing unused kernel image memory: 1820K
[    3.393312] x86/mm: Checked W+X mappings: passed, no W+X pages found.
Loading, please wait...
starting version 237
[    3.544019] e1000: Intel(R) PRO/1000 Network Driver - version 7.3.21-k8-NAPI
[    3.555632] e1000: Copyright (c) 1999-2006 Intel Corporation.
[    3.611892] Fusion MPT base driver 3.04.20
[    3.617450] Copyright (c) 1999-2008 LSI Corporation
[    3.627601] SSE version of gcm_enc/dec engaged.
[    3.645512] Fusion MPT SPI Host driver 3.04.20
[    3.834085] input: ImExPS/2 Generic Explorer Mouse as /devices/platform/i8042/serio1/input/input4
[    4.531845] e1000 0000:00:03.0 eth0: (PCI:33MHz:32-bit) 02:3b:7b:b7:3b:2d
[    4.544223] e1000 0000:00:03.0 eth0: Intel(R) PRO/1000 Network Connection
[    4.559890] mptbase: ioc0: Initiating bringup
[    4.560167] e1000 0000:00:03.0 enp0s3: renamed from eth0
[    4.671391] ioc0: LSI53C1030 A0: Capabilities={Initiator}
[    4.947235] scsi host2: ioc0: LSI53C1030 A0, FwRev=00000000h, Ports=1, MaxQ=256, IRQ=20
[    5.130677] scsi 2:0:0:0: Direct-Access     VBOX     HARDDISK         1.0  PQ: 0 ANSI: 5
[    5.172498] scsi target2:0:0: Beginning Domain Validation
[    5.192291] scsi target2:0:0: Domain Validation skipping write tests
[    5.200856] scsi target2:0:0: Ending Domain Validation
[    5.208868] scsi target2:0:0: asynchronous
[    5.218779] scsi 2:0:1:0: Direct-Access     VBOX     HARDDISK         1.0  PQ: 0 ANSI: 5
[    5.260214] scsi target2:0:1: Beginning Domain Validation
[    5.281014] scsi target2:0:1: Domain Validation skipping write tests
[    5.290423] scsi target2:0:1: Ending Domain Validation
[    5.298913] scsi target2:0:1: asynchronous
[    5.326006] sd 2:0:0:0: Attached scsi generic sg0 type 0
[    5.327461] sd 2:0:0:0: [sda] 83886080 512-byte logical blocks: (42.9 GB/40.0 GiB)
[    5.348216] sd 2:0:0:0: [sda] Write Protect is off
[    5.348991] sd 2:0:1:0: Attached scsi generic sg1 type 0
[    5.366729] sd 2:0:1:0: [sdb] 20480 512-byte logical blocks: (10.5 MB/10.0 MiB)
[    5.367060] sd 2:0:0:0: [sda] Incomplete mode parameter data
[    5.388544] sd 2:0:0:0: [sda] Assuming drive cache: write through
[    5.388821] sd 2:0:1:0: [sdb] Write Protect is off
[    5.404959]  sda: sda1
[    5.411146] sd 2:0:1:0: [sdb] Incomplete mode parameter data
[    5.414812] sd 2:0:0:0: [sda] Attached SCSI disk
[    5.419296] sd 2:0:1:0: [sdb] Assuming drive cache: write through
[    5.448703] sd 2:0:1:0: [sdb] Attached SCSI disk
Begin: Loading essential drivers ... [    7.580728] raid6: sse2x1   gen()  4461 MB/s
[    7.632248] raid6: sse2x1   xor()  7066 MB/s
[    7.685056] raid6: sse2x2   gen()  8697 MB/s
[    7.736551] raid6: sse2x2   xor()  8911 MB/s
[    7.788238] raid6: sse2x4   gen() 11794 MB/s
[    7.840197] raid6: sse2x4   xor()  6480 MB/s
[    7.846131] raid6: using algorithm sse2x4 gen() 11794 MB/s
[    7.854541] raid6: .... xor() 6480 MB/s, rmw enabled
[    7.861985] raid6: using ssse3x2 recovery algorithm
[    7.872188] xor: measuring software checksum speed
[   11.111148]    prefetch64-sse: -1847256.-296 MB/sec
[   13.204581]    generic_sse: -1762644.-296 MB/sec
[   13.211535] xor: using function: generic_sse (-1762644.-296 MB/sec)
[   13.224779] async_tx: api initialized (async)
done.
Begin: Running /scripts/init-premount ... done.
Begin: Mounting root file system ... Begin: Running /scripts/local-top ... done.
Begin: Running /scripts/local-premount ... [   13.322273] Btrfs loaded, crc32c=crc32c-intel
Scanning for Btrfs filesystems
done.
Warning: fsck not present, so skipping root file system
[   13.402968] EXT4-fs (sda1): mounted filesystem with ordered data mode. Opts: (null)
done.
Begin: Running /scripts/local-bottom ... done.
Begin: Running /scripts/init-bottom ... done.
[   13.736281] ip_tables: (C) 2000-2006 Netfilter Core Team
[   13.776343] systemd[1]: systemd 237 running in system mode. (+PAM +AUDIT +SELINUX +IMA +APPARMOR +SMACK +SYSVINIT +UTMP +LIBCRYPTSETUP +GCRYPT +GNUTLS +ACL +XZ +LZ4 +SECCOMP +BLKID +ELFUTILS +KMOD -IDN2 +IDN -PCRE2 default-hierarchy=hybrid)
[   13.809241] systemd[1]: Detected virtualization oracle.
[   13.817278] systemd[1]: Detected architecture x86-64.

Welcome to [1mUbuntu 18.04.6 LTS[0m!

[   13.871864] systemd[1]: Set hostname to <ubuntu>.
[   13.891687] systemd[1]: Initializing machine ID from random generator.
[   13.902591] systemd[1]: Installed transient /etc/machine-id file.
[   14.339910] systemd[1]: Reached target System Time Synchronized.
[[0;32m  OK  [0m] Reached target System Time Synchronized.
[   14.373063] systemd[1]: Created slice User and Session Slice.
[[0;32m  OK  [0m] Created slice User and Session Slice.
[   14.386259] systemd[1]: Created slice System Slice.
[[0;32m  OK  [0m] Created slice System Slice.
[   14.398476] systemd[1]: Created slice system-serial\x2dgetty.slice.
[[0;32m  OK  [0m] Created slice system-serial\x2dgetty.slice.
[[0;32m  OK  [0m] Listening on LVM2 poll daemon socket.
[[0;32m  OK  [0m] Listening on Journal Socket.
         Starting Load Kernel Modules...
         Mounting Kernel Debug File System...
         Starting Uncomplicated firewall...
[[0;32m  OK  [0m] Listening on udev Kernel Socket.
[[0;32m  OK  [0m] Listening on /dev/initctl Compatibility Named Pipe.
         Mounting POSIX Message Queue File System...
         Starting Create list of required stâ€¦ce nodes for the current kernel...
[   14.463021] Loading iSCSI transport class v2.0-870.
[[0;32m  OK  [0m] Listening on Syslog Socket.
[[0;32m  OK  [0m] Reached target Swap.
[[0;32m  OK  [0m] Listening on Journal Audit Socket.[   14.492983] iscsi: registered transport (tcp)

[[0;32m  OK  [0m] Reached target Slices.
[[0;32m  OK  [0m] Set up automount Arbitrary Executabâ€¦rmats File System Automount Point.
[[0;32m  OK  [0m] Listening on Device-mapper event daemon FIFOs.
[[0;32m  OK  [0m] Reached target User and Group Name Lookups.
         Mounting Huge Pages File System...
[[0;32m  OK  [0m] Listening on udev Control Socket.[   14.552993] iscsi: registered transport (iser)

[[0;32m  OK  [0m] Listening on Network Service Netlink Socket.
[[0;32m  OK  [0m] Listening on LVM2 metadata daemon socket.
         Starting Monitoring of LVM2 mirrorsâ€¦ng dmeventd or progress polling...
[[0;32m  OK  [0m] Listening on fsck to fsckd communication Socket.
         Starting File System Check on Root Device...
[[0;32m  OK  [0m] Listening on Journal Socket (/dev/log).
         Starting udev Coldplug all Devices...
         Starting Journal Service...
[[0;32m  OK  [0m] Reached target Mounting snaps.
[[0;32m  OK  [0m] Reached target Mounted snaps.
         Starting Set the console keyboard layout...
[[0;32m  OK  [0m] Started Forward Password Requests to Wall Directory Watch.
[[0;32m  OK  [0m] Started Load Kernel Modules.
[[0;32m  OK  [0m] Mounted Kernel Debug File System.
[[0;32m  OK  [0m] Started Uncomplicated firewall.
[[0;32m  OK  [0m] Mounted POSIX Message Queue File System.
[[0;32m  OK  [0m] Started Create list of required staâ€¦vice nodes for the current kernel.
[[0;32m  OK  [0m] Mounted Huge Pages File System.
[[0;32m  OK  [0m] Started File System Check on Root Device.
[[0;32m  OK  [0m] Started File System Check Daemon to report status.
[[0;32m  OK  [0m] Started LVM2 metadata daemon.
         Starting Remount Root and Kernel File Systems...
         Starting Create Static Device Nodes in /dev...
         Mounting Kernel Configuration File System...
         Mounting FUSE Control File System...
         Starting Apply Kernel Variables...
[[0;32m  OK  [0m] Mounted Kernel Configuration File System.
[[0;32m  OK  [0m] Mounted FUSE Control File System.
[[0;32m  OK  [0m] Started udev Coldplug all Devices.
[   14.850965] EXT4-fs (sda1): re-mounted. Opts: (null)
[[0;32m  OK  [0m] Started Create Static Device Nodes in /dev.
[[0;32m  OK  [0m] Started Journal Service.
[[0;32m  OK  [0m] Started Remount Root and Kernel File Systems.
         Starting udev Kernel Device Manager...
         Starting Load/Save Random Seed...
         Starting Flush Journal to Persistent Storage...
[[0;32m  OK  [0m] Started Monitoring of LVM2 mirrors,â€¦sing dmeventd or progress polling.
[[0;32m  OK  [0m] Started Apply Kernel Variables.
[[0;32m  OK  [0m] Started Load/Save Random Seed.
[[0;32m  OK  [0m] Started udev Kernel Device Manager.
[[0;32m  OK  [0m] Started Flush Journal to Persistent Storage.
[[0;32m  OK  [0m] Found device /dev/ttyS0.
[[0;32m  OK  [0m] Listening on Load/Save RF Kill Switch Status /dev/rfkill Watch.
[[0;32m  OK  [0m] Started Set the console keyboard layout.
[[0;32m  OK  [0m] Started Dispatch Password Requests to Console Directory Watch.
[[0;32m  OK  [0m] Reached target Local Encrypted Volumes.
[[0;32m  OK  [0m] Reached target Local File Systems (Pre).
[[0;32m  OK  [0m] Reached target Local File Systems.
         Starting AppArmor initialization...
         Starting Commit a transient machine-id on disk...
         Starting Set console font and keymap...
         Starting Create Volatile Files and Directories...
         Starting Tell Plymouth To Write Out Runtime Data...
         Starting ebtables ruleset management...
         Mounting Arbitrary Executable File Formats File System...
[[0;32m  OK  [0m] Started Commit a transient machine-id on disk.
[[0;32m  OK  [0m] Started Create Volatile Files and Directories.
[[0;32m  OK  [0m] Started Tell Plymouth To Write Out Runtime Data.
[[0;32m  OK  [0m] Mounted Arbitrary Executable File Formats File System.
         Starting Update UTMP about System Boot/Shutdown...
[[0;32m  OK  [0m] Started Update UTMP about System Boot/Shutdown.
[[0;32m  OK  [0m] Started ebtables ruleset management.
[[0;32m  OK  [0m] Started AppArmor initialization.
         Starting Initial cloud-init job (pre-networking)...
         Starting Load AppArmor profiles managed internally by snapd...
[[0;32m  OK  [0m] Started Load AppArmor profiles managed internally by snapd.
[[0;32m  OK  [0m] Started Set console font and keymap.
[   20.098740] cloud-init[750]: Cloud-init v. 23.1.2-0ubuntu0~18.04.1 running 'init-local' at Thu, 05 Feb 2026 13:56:29 +0000. Up 19.48 seconds.
[[0;32m  OK  [0m] Started Initial cloud-init job (pre-networking).
[[0;32m  OK  [0m] Reached target Network (Pre).
         Starting Network Service...
[[0;32m  OK  [0m] Started Network Service.
         Starting Network Name Resolution...
         Starting Wait for Network to be Configured...
[[0;32m  OK  [0m] Started Network Name Resolution.
[[0;32m  OK  [0m] Reached target Host and Network Name Lookups.
[[0;32m  OK  [0m] Reached target Network.
[[0;32m  OK  [0m] Started Wait for Network to be Configured.
         Starting Initial cloud-init job (metadata service crawler)...
[   23.093447] cloud-init[925]: Cloud-init v. 23.1.2-0ubuntu0~18.04.1 running 'init' at Thu, 05 Feb 2026 13:56:33 +0000. Up 22.84 seconds.
[   23.104689] cloud-init[925]: ci-info: ++++++++++++++++++++++++++++++++++++++Net device info++++++++++++++++++++++++++++++++++++++
[   23.111100] cloud-init[925]: ci-info: +--------+------+----------------------------+---------------+--------+-------------------+
[   23.119246] cloud-init[925]: ci-info: | Device |  Up  |          Address           |      Mask     | Scope  |     Hw-Address    |
[   23.126026] cloud-init[925]: ci-info: +--------+------+----------------------------+---------------+--------+-------------------+
[   23.132162] cloud-init[925]: ci-info: | enp0s3 | True |         10.0.2.15          | 255.255.255.0 | global | 02:3b:7b:b7:3b:2d |
[   23.141939] cloud-init[925]: ci-info: | enp0s3 | True | fd00::3b:7bff:feb7:3b2d/64 |       .       | global | 02:3b:7b:b7:3b:2d |
[   23.152905] cloud-init[925]: ci-info: | enp0s3 | True | fe80::3b:7bff:feb7:3b2d/64 |       .       |  link  | 02:3b:7b:b7:3b:2d |
[   23.163176] cloud-init[925]: ci-info: |   lo   | True |         127.0.0.1          |   255.0.0.0   |  host  |         .         |
[   23.174159] cloud-init[925]: ci-info: |   lo   | True |          ::1/128           |       .       |  host  |         .         |
[   23.185116] cloud-init[925]: ci-info: +--------+------+----------------------------+---------------+--------+-------------------+
[   23.196484] cloud-init[925]: ci-info: ++++++++++++++++++++++++++++Route IPv4 info+++++++++++++++++++++++++++++
[   23.206856] cloud-init[925]: ci-info: +-------+-------------+----------+-----------------+-----------+-------+
[   23.217129] cloud-init[925]: ci-info: | Route | Destination | Gateway  |     Genmask     | Interface | Flags |
[   23.226504] cloud-init[925]: ci-info: +-------+-------------+----------+-----------------+-----------+-------+
[   23.242822] cloud-init[925]: ci-info: |   0   |   0.0.0.0   | 10.0.2.2 |     0.0.0.0     |   enp0s3  |   UG  |
[   23.253254] cloud-init[925]: ci-info: |   1   |   10.0.2.0  | 0.0.0.0  |  255.255.255.0  |   enp0s3  |   U   |
[   23.263596] cloud-init[925]: ci-info: |   2   |   10.0.2.2  | 0.0.0.0  | 255.255.255.255 |   enp0s3  |   UH  |
[   23.274172] cloud-init[925]: ci-info: +-------+-------------+----------+-----------------+-----------+-------+
[   23.285046] cloud-init[925]: ci-info: +++++++++++++++++++Route IPv6 info+++++++++++++++++++
[   23.294302] cloud-init[925]: ci-info: +-------+-------------+---------+-----------+-------+
[   23.303290] cloud-init[925]: ci-info: | Route | Destination | Gateway | Interface | Flags |
[   23.313104] cloud-init[925]: ci-info: +-------+-------------+---------+-----------+-------+
[   23.323087] cloud-init[925]: ci-info: |   1   |  fd00::/64  |    ::   |   enp0s3  |   U   |
[   23.332937] cloud-init[925]: ci-info: |   2   |  fe80::/64  |    ::   |   enp0s3  |   U   |
[   23.341403] cloud-init[925]: ci-info: |   3   |     ::/0    | fe80::2 |   enp0s3  |   UG  |
[   23.350908] cloud-init[925]: ci-info: |   5   |    local    |    ::   |   enp0s3  |   U   |
[   23.360074] cloud-init[925]: ci-info: |   6   |   ff00::/8  |    ::   |   enp0s3  |   U   |
[   23.370906] cloud-init[925]: ci-info: +-------+-------------+---------+-----------+-------+
[   24.419976] cloud-init[925]: Generating public/private rsa key pair.
[   24.428477] cloud-init[925]: Your identification has been saved in /etc/ssh/ssh_host_rsa_key.
[   24.437856] cloud-init[925]: Your public key has been saved in /etc/ssh/ssh_host_rsa_key.pub.
[   24.447941] cloud-init[925]: The key fingerprint is:
[   24.455547] cloud-init[925]: SHA256:ut6J6+BgyNC38Gr+5qk3b4V51UVTHg/gcqTBxjV8zdw root@ubuntu-bionic
[   24.465876] cloud-init[925]: The key's randomart image is:
[   24.474193] cloud-init[925]: +---[RSA 2048]----+
[   24.482533] cloud-init[925]: |         o.o=o+*o|
[   24.490443] cloud-init[925]: |          +=..o+E|[[0;32m  OK  [0m] Started Initial cloud-init job (metadata service crawler).
[[0;32m  OK  [0m] Reached target Network is Online.
         Starting Availability of block devices...
[[0;32m  OK  [0m] Reached target Remote File Systems (Pre).
[[0;32m  OK  [0m] Reached target Remote File Systems.
[[0;32m  OK  [0m] Reached target System Initialization.
         Starting Socket activation for snappy daemon.
[[0;32m  OK  [0m] Started ACPI Events Check.
[[0;32m  OK  [0m] Reached target Paths.
[[0;32m  OK  [0m] Started Daily Cleanup of Temporary Directories.
[[0;32m  OK  [0m] Listening on Open-iSCSI iscsid Socket.
[[0;32m  OK  [0m] Started Discard unused blocks once a week.
[[0;32m  OK  [0m] Started Message of the Day.
         Starting LXD - unix socket.
[[0;32m  OK  [0m] Listening on ACPID Listen Socket.
[[0;32m  OK  [0m] Listening on UUID daemon activation socket.
[[0;32m  OK  [0m] Started Ubuntu Advantage Timer for running repeated jobs.
[[0;32m  OK  [0m] Listening on cloud-init hotplug hook socket.
[[0;32m  OK  [0m] Started Daily apt download activities.
[[0;32m  OK  [0m] Started Daily apt upgrade and clean activities.
[[0;32m  OK  [0m] Reached target Timers.
[[0;32m  OK  [0m] Listening on D-Bus System Message Bus Socket.
[[0;32m  OK  [0m] Reached target Cloud-config availability.
[[0;32m  OK  [0m] Started Availability of block devices.
[[0;32m  OK  [0m] Listening on Socket activation for snappy daemon.
[[0;32m  OK  [0m] Listening on LXD - unix socket.
[[0;32m  OK  [0m] Reached target Sockets.
[[0;32m  OK  [0m] Reached target Basic System.
[[0;32m  OK  [0m] Reached target Login Prompts (Pre).
         Starting LXD - container startup/shutdown...
[[0;32m  OK  [0m] Started Regular background program processing daemon.
         Starting LSB: automatic crash report generation...
         Starting LSB: Record successful boot for GRUB...
[[0;32m  OK  [0m] Started irqbalance daemon.
         Starting Virtualbox guest utils...

[   24.599177] cloud-init[925]: |         .o.oo  o|
[   24.611257] cloud-init[925]: | .        .o.    |
[   24.623168] cloud-init[925]: |. o .  oS.       |
[   24.631070] cloud-init[925]: |o. + .o.o        |
[   24.640035] cloud-init[925]: |..o + .o         |
[   24.648932] cloud-init[925]: | ..++o.+ .       |
[   24.656943] cloud-init[925]: | o+*=*B.o        |
[   24.663709] cloud-init[925]: +----[SHA256]-----+
         Starting Dispatcher daemon for systemd-networkd...
[   24.675435] cloud-init[925]: Generating public/private dsa key pair.
[   24.685465] cloud-init[925]: Your identification has been saved in /etc/ssh/ssh_host_dsa_key.
[   24.705638] cloud-init[925]: Your public key has been saved in /etc/ssh/ssh_host_dsa_key.pub.
[   24.716783] cloud-init[925]: The key fingerprint is:
[   24.727304] cloud-init         Starting Accounts Service...
[[0;32m  OK  [0m] Started FUSE filesystem for LXC.
[925]: SHA256:3jm2bQcTeGj2a+6Eqq7n0EpVRnc/UFl9Fr35oetctBU root@ubuntu-bionic         Starting Snap Daemon...
         Starting System Logging Service...

[   24.748673] cloud-init[925]: The key's randomart image is:
[   24.752511] cloud-init[925]: +---[DSA 1024]----+
[   24.756646] cloud-init[925]: |        . . o..+=|
[   24.760116] cloud-init[925]: |       . . . o. =|
[   24.763660] cloud-init[925]: |        o  o  oE+|
[   24.767145] cloud-init[925]: |       o  = o  =.|
[   24.771237] cloud-init[925]: |      . So o ...+|
[   24.774902] cloud-init[925]: |     o . . o+.. +|
[   24.779840] cloud-init[925]: |    o . . * .+.o |
[   24.784332] cloud-init[925]: |   . o.  o ==.o  |
[   24.787202] cloud-init[925]: |    o=+.. .==+   |
[   24.790249] cloud-init[925]: +----[SHA256]-----+
[   24.792730] cloud-init[925]: Generating public/private ecdsa key pair.
[   24.796379] cloud-init[925]: Your identification has been saved in /etc/ssh/ssh_host_ecdsa_key.
[   24.801088] cloud-init[925]: Your public key has been saved in /etc/ssh/ssh_host_ecdsa_key.pub.
         Starting Pollinate to seed the pseudo random number generator...
[   24.810012] cloud-init[925]: The key fingerprint is:
         Starting Login Service...
[[0;32m  OK  [0m] Started D-Bus System Message Bus.
[   24.831123] cloud-init[925]: SHA256:3OJNW0kHUqFMrM93ZQPTL7mg4BfpvA0tvq1oHKZJsDY root@ubuntu-bionic
[   24.844007] cloud-init[925]: The key's randomart image is:
[   24.847073] cloud-init[925]: +---[ECDSA 256]---+
[   24.850015] cloud-init[925]: |         .o.+..  |
[   24.852872] cloud-init[925]: |         o.o + . |
[   24.855184] cloud-init[925]: |         .o.. +..|
[   24.857655] cloud-init[925]: |    .  .o.o..oo.+|
[   24.860821] cloud-init[925]: |     o .S*o+o. =.|
[   24.864949] cloud-init[925]: |    E ..++Xoo o  |
[   24.869008] cloud-init[925]: |   . o =.+o* .   |
[   24.873907] cloud-init[925]: |      o o.o..    |
[   24.876523] cloud-init[925]: |       .. oo.    |
[   24.879285] cloud-init[925]: +----[SHA256]-----+
[   24.881833] cloud-init[925]: Generating public/private ed25519 key pair.
[   24.888882] cloud-init[925]: Your identification has been saved in /etc/ssh/ssh_host_ed25519_key.
[   24.894807] cloud-init[925]: Your public key has been saved in /etc/ssh/ssh_host_ed25519_key.pub.
[   24.900650] cloud-init[925]: The key fingerprint is:
[   24.903647] cloud-init[925]: SHA256:Y3ruWg/77NT6NTejtFGSGV/WIgfVDhZVvL+u73K5kII root@ubuntu-bionic
[   24.911903] cloud-init[925]: The key's randomart image is:
[   24.919810] cloud-init[925]: +--[ED25519 256]--+
[   24.926960] cloud-init[925]: |            ..o=+|
[   24.931861] cloud-init[925]: |             .o +|
[   24.937442] cloud-init[925]: |            .ooo=|
[   24.942701] cloud-init[925]: |             o=+o|
[   24.946204] cloud-init[925]: |        S    + o.|
[   24.948755] cloud-init[925]: |       o ...  + .|
[   24.953085] cloud-init[925]: |      . +E...=oo+|
[   24.955746] cloud-init[925]: |       + * .oo=*o|
[   24.959265] cloud-init[925]: |      .o+o*..+B=.|
[   24.962899] cloud-init[925]: +----[SHA256]-----+
[[0;32m  OK  [0m] Started Deferred execution scheduler.
         Starting Permit User Sessions...
[[0;32m  OK  [0m] Started Permit User Sessions.
[[0;32m  OK  [0m] Started Login Service.
[[0;32m  OK  [0m] Started Unattended Upgrades Shutdown.
         Starting Terminate Plymouth Boot Screen...
         Starting Hold until boot process finishes up...
         Starting Hostname Service...
[[0;32m  OK  [0m] Started LSB: automatic crash report generation.
[[0;32m  OK  [0m] Started Terminate Plymouth Boot Screen.
[[0;32m  OK  [0m] Started Hold until boot process finishes up.
[[0;32m  OK  [0m] Started Serial Getty on ttyS0.
         Starting Set console scheme...
[[0;32m  OK  [0m] Started Set console scheme.
[[0;32m  OK  [0m] Created slice system-getty.slice.
[[0;32m  OK  [0m] Started Getty on tty1.
[[0;32m  OK  [0m] Reached target Login Prompts.
[[0;32m  OK  [0m] Started LSB: Record successful boot for GRUB.
[[0;32m  OK  [0m] Started System Logging Service.
[[0;32m  OK  [0m] Started LXD - container startup/shutdown.
[[0;32m  OK  [0m] Started Hostname Service.
         Starting Authorization Manager...
[[0;32m  OK  [0m] Started Authorization Manager.
[[0;32m  OK  [0m] Started Accounts Service.
[[0;32m  OK  [0m] Started Virtualbox guest utils.
[[0;32m  OK  [0m] Started Dispatcher daemon for systemd-networkd.
[[0;32m  OK  [0m] Started Snap Daemon.
         Starting Wait until snapd is fully seeded...
[[0;32m  OK  [0m] Started Pollinate to seed the pseudo random number generator.
         Starting OpenBSD Secure Shell server...
[[0;32m  OK  [0m] Started OpenBSD Secure Shell server.
[[0;32m  OK  [0m] Created slice User Slice of vagrant.
         Starting User Manager for UID 1000...
[[0;32m  OK  [0m] Started Session 1 of user vagrant.
[[0;32m  OK  [0m] Started User Manager for UID 1000.
         Starting Time & Date Service...
[[0;32m  OK  [0m] Started Time & Date Service.
[[0;32m  OK  [0m] Started Wait until snapd is fully seeded.
         Starting Apply the settings specified in cloud-config...
[   30.101739] cloud-init[1429]: Cloud-init v. 23.1.2-0ubuntu0~18.04.1 running 'modules:config' at Thu, 05 Feb 2026 13:56:39 +0000. Up 28.99 seconds.
[[0;32m  OK  [0m] Started Apply the settings specified in cloud-config.
[[0;32m  OK  [0m] Reached target Multi-User System.
         Starting Execute cloud user/final scripts...
[[0;32m  OK  [0m] Reached target Graphical Interface.
         Starting Update UTMP about System Runlevel Changes...
[[0;32m  OK  [0m] Started Update UTMP about System Runlevel Changes.
ci-info: no authorized SSH keys fingerprints found for user ubuntu.

Ubuntu 18.04.6 LTS ubuntu-bionic ttyS0

ubuntu-bionic login: <14>Feb  5 13:56:41 cloud-init: #############################################################
<14>Feb  5 13:56:41 cloud-init: -----BEGIN SSH HOST KEY FINGERPRINTS-----
<14>Feb  5 13:56:41 cloud-init: 1024 SHA256:3jm2bQcTeGj2a+6Eqq7n0EpVRnc/UFl9Fr35oetctBU root@ubuntu-bionic (DSA)
<14>Feb  5 13:56:41 cloud-init: 256 SHA256:3OJNW0kHUqFMrM93ZQPTL7mg4BfpvA0tvq1oHKZJsDY root@ubuntu-bionic (ECDSA)
<14>Feb  5 13:56:41 cloud-init: 256 SHA256:Y3ruWg/77NT6NTejtFGSGV/WIgfVDhZVvL+u73K5kII root@ubuntu-bionic (ED25519)
<14>Feb  5 13:56:41 cloud-init: 2048 SHA256:ut6J6+BgyNC38Gr+5qk3b4V51UVTHg/gcqTBxjV8zdw root@ubuntu-bionic (RSA)
<14>Feb  5 13:56:41 cloud-init: -----END SSH HOST KEY FINGERPRINTS-----
<14>Feb  5 13:56:41 cloud-init: #############################################################
-----BEGIN SSH HOST KEY KEYS-----
ecdsa-sha2-nistp256 AAAAE2VjZHNhLXNoYTItbmlzdHAyNTYAAAAIbmlzdHAyNTYAAABBBHSga2PzUN4WnsSPvlJP4VvWo2oRlIgdDIxxiu5CZOpeOyjvhp15NRUC6TLlJ24NvpPF890zimmWwx03+E6WC80= root@ubuntu-bionic
ssh-ed25519 AAAAC3NzaC1lZDI1NTE5AAAAIML/CsgItvLKNpaGGoInGkZvgCOTf5/nva0loawNMMez root@ubuntu-bionic
ssh-rsa AAAAB3NzaC1yc2EAAAADAQABAAABAQDVx3utXDThAipW8JEoVoYOGHcMUIh20Br7xqofsE3GGSn7Ru/QsOcpmjOP4K9dvpRPwDEO9N/jVMylmRz5tKoHzKzG8SWY3nz25RiGK59k/J/arYSIaCDyiKnvHrYVlhg9pWihnaKjhGqsnTn1bOn7lvYfo6xwsPwVcdBtU+54dCiVj/GU5QfFxPcPOa4Doxq/a6uupuAhHmy8mz74z3zye4x+rCD82lQD8ZFXI7raRSgb2w3fta+20f8uRXNc7mZnkIeAFADg59isAJ3QJ6qZgQRniCW86gqtA9ZtzsvnPokARBeIpUGQXO/k+i2hrWPINoY3ys+Cu6xDMVMDVGOv root@ubuntu-bionic
-----END SSH HOST KEY KEYS-----
[   31.641542] cloud-init[1524]: Cloud-init v. 23.1.2-0ubuntu0~18.04.1 running 'modules:final' at Thu, 05 Feb 2026 13:56:41 +0000. Up 31.13 seconds.
[   31.663325] cloud-init[1524]: Cloud-init v. 23.1.2-0ubuntu0~18.04.1 finished at Thu, 05 Feb 2026 13:56:41 +0000. Datasource DataSourceNoCloud [seed=/dev/sdb][dsmode=net].  Up 31.63 seconds
